{
  "epoch" : 168,
  "active_stake" : "332452746888083",
  "pools_voting_stake" : "332452746888083",
  "dreps_voting_stake" : "8988486166389",
  "pools" : 397,
  "accounts" : 381,
  "dreps" : 21,
  "pool_details" : {
    "005464e159dff5c5" : {
      "stake" : "1019497632698",
      "voting_stake" : "1019497632698",
      "blocks" : 0
    },
    "01fade11f5b18072" : {
      "stake" : "397634194",
      "voting_stake" : "397634194",
      "blocks" : 0
    },
    "0312ea8e3de121da" : {
      "stake" : "19908946538",
      "voting_stake" : "19908946538",
      "blocks" : 0
    },
    "032a04334a846fdf" : {
      "stake" : "44776424861",
      "voting_stake" : "44776424861",
      "blocks" : 3
    },
    "040e5b0093bbb087" : {
      "stake" : "0",
      "voting_stake" : "0",
      "blocks" : 0
    }
  }
}